<html>
<body>
<pre>
<h1>µVision Build Log</h1>
<h2>Tool Versions:</h2>
IDE-Version: ¦ÌVision V5.18a
Copyright (C) 2016 ARM Ltd and ARM Germany GmbH. All rights reserved.
License Information: 5 5, 5, LIC=BL263-AD3JT-YC1J1-CJ67D-FC8L0-EAJNH
 
Tool Versions:
Toolchain:       MDK-ARM Professional  Version: 5.18a
Toolchain Path:  C:\Keil\arm_keil5\ARM\ARMCC\Bin
C Compiler:      Armcc.exe V5.06 update 1 (build 61)
Assembler:       Armasm.exe V5.06 update 1 (build 61)
Linker/Locator:  ArmLink.exe V5.06 update 1 (build 61)
Library Manager: ArmAr.exe V5.06 update 1 (build 61)
Hex Converter:   FromElf.exe V5.06 update 1 (build 61)
CPU DLL:         SARMCM3.DLL V5.18a
Dialog DLL:      DARMCM1.DLL V1.12.0.0
Target DLL:      STLink\ST-LINKIII-KEIL_SWO.dll V2.0.18.0
Dialog DLL:      TARMCM1.DLL V1.9.0.0
 
<h2>Project:</h2>
D:\Personal\Documents\GitHub\DS28e05_stm32f030\DS28E05\Projects\2805\MDK-ARM\Project.uvprojx
Project File Date:  04/29/2019

<h2>Output:</h2>
*** Using Compiler 'V5.06 update 1 (build 61)', folder: 'C:\Keil\arm_keil5\ARM\ARMCC\Bin'
Build target 'STM32F030'
assembling startup_stm32f030.s...
compiling main.c...
..\uart.h(29): warning:  #1-D: last line of file ends without a newline
    
..\uart.h(29): warning:  #1-D: last line of file ends without a newline
    
..\main.c: 2 warnings, 0 errors
compiling stm32f0xx_it.c...
..\uart.h(29): warning:  #1-D: last line of file ends without a newline
    
..\stm32f0xx_it.c: 1 warning, 0 errors
compiling system_stm32f0xx.c...
compiling uart.c...
..\uart.h(29): warning:  #1-D: last line of file ends without a newline
    
..\uart.c(14): warning:  #177-D: variable "tmp" was declared but never referenced
    uint32_t tmp[2] = {0, 0};
..\uart.c(94): warning:  #174-D: expression has no effect
  				
_NOP;
..\uart.c(130): warning:  #177-D: variable "NVIC_InitStruct" was declared but never referenced
  	NVIC_InitTypeDef NVIC_InitStruct;
..\uart.c(185): warning:  #1-D: last line of file ends without a newline
  }
..\uart.c: 5 warnings, 0 errors
compiling DS28E05.c...
compiling stm32f0xx_pwr.c...
compiling stm32f0xx_exti.c...
compiling stm32f0xx_spi.c...
compiling stm32f0xx_syscfg.c...
compiling stm32f0xx_usart.c...
compiling stm32f0xx_iwdg.c...
compiling stm32f0xx_flash.c...
compiling stm32f0xx_rcc.c...
compiling stm32f0xx_adc.c...
compiling stm32f0xx_dma.c...
compiling stm32f0xx_rtc.c...
compiling stm32f0xx_gpio.c...
compiling stm32f0xx_dbgmcu.c...
compiling stm32f0xx_crc.c...
compiling stm32f0xx_wwdg.c...
compiling stm32f0xx_i2c.c...
compiling stm32f0xx_misc.c...
compiling stm32f0xx_tim.c...
linking...
Program Size: Code=4348 RO-data=212 RW-data=44 ZI-data=1068  
FromELF: creating hex file...
"STM32F030\STM32F030.axf" - 0 Error(s), 8 Warning(s).

<h2>Collection of Component include folders:</h2>
  D:\Personal\Documents\GitHub\DS28e05_stm32f030\DS28E05\Projects\2805\MDK-ARM\RTE
  C:\Keil\arm_keil5\ARM\PACK\Keil\STM32F0xx_DFP\2.0.0\Drivers\CMSIS\Device\ST\STM32F0xx\Include

<h2>Collection of Component Files used:</h2>
Build Time Elapsed:  00:00:19
</pre>
</body>
</html>
